=== RUN   TestGraphIndexModelRequiredHistory
    reconciliation_model_test.go:29: stale work refetch: older work completed newer pending revision: old=9 newest=10 status={Ready:true State:ready Code: Reason: BootstrapComplete:true IndexedRevision:10 TargetRevision:10 Lag:0 FailedCount:0 FailedReasons:map[] FirstFailureAt: StalenessMs:0 BootstrapScope:0 Phase: Revision:10 LastSynced:} proceed=true
--- FAIL: TestGraphIndexModelRequiredHistory (0.01s)
=== RUN   TestGraphIndexModelEmptyAndHealthyLag
--- PASS: TestGraphIndexModelEmptyAndHealthyLag (0.00s)
=== RUN   TestGraphIndexModelStableNameKeyCaseReplacement
--- PASS: TestGraphIndexModelStableNameKeyCaseReplacement (0.00s)
=== RUN   TestGraphIndexModelRequiredDeleteFailureAndRepair
2000/01/01 01:00:00 WARN failed to delete owned index row component=graph-index index=incoming key=acme.ops.robotics.gcs.drone.003.acme.ops.robotics.gcs.drone.001.726f626f746963732e61737369676e65642e6d697373696f6e error="kv delete acme.ops.robotics.gcs.drone.003.acme.ops.robotics.gcs.drone.001.726f626f746963732e61737369676e65642e6d697373696f6e: injected persistent incoming Delete failure"
--- PASS: TestGraphIndexModelRequiredDeleteFailureAndRepair (0.00s)
=== RUN   TestPropGraphIndexReconciliation
    reconciliation_prop_test.go:114: rapid seed=1292
    reconciliation_prop_test.go:117: [rapid] failed after 0 tests: history=[]: stale work refetch: older work completed newer pending revision: old=9 newest=10 status={Ready:true State:ready Code: Reason: BootstrapComplete:true IndexedRevision:10 TargetRevision:10 Lag:0 FailedCount:0 FailedReasons:map[] FirstFailureAt: StalenessMs:0 BootstrapScope:0 Phase: Revision:10 LastSynced:} proceed=true
        To reproduce, specify -run="TestPropGraphIndexReconciliation" -rapid.seed=1292
        Failed test output:
    reconciliation_prop_test.go:53: [rapid] draw suffixLength: 0
    reconciliation_prop_test.go:124: history=[]: stale work refetch: older work completed newer pending revision: old=9 newest=10 status={Ready:true State:ready Code: Reason: BootstrapComplete:true IndexedRevision:10 TargetRevision:10 Lag:0 FailedCount:0 FailedReasons:map[] FirstFailureAt: StalenessMs:0 BootstrapScope:0 Phase: Revision:10 LastSynced:} proceed=true
--- FAIL: TestPropGraphIndexReconciliation (0.07s)
FAIL
FAIL	github.com/c360studio/semstreams/processor/graph-index	0.597s
FAIL
